Microchip MPLAB XC8 Compiler V2.40

Linker command line:

-W-3 \
  --edf=C:\Program Files\Microchip\xc8\v2.40\pic\dat\20220703182018_en.msgs \
  -cn -h+dist/default/production\Proyecto_Metagross.X.production.sym \
  --cmf=dist/default/production\Proyecto_Metagross.X.production.cmf -z \
  -Q16F887 -oC:\Users\schwe\AppData\Local\Temp\xcAsa4k.4 \
  --defsym=__MPLAB_BUILD=1 --fixupoverflow=error \
  -Mdist/default/production/Proyecto_Metagross.X.production.map \
  --md=C:\Users\schwe\AppData\Local\Temp\xcAsa4k.dat -E1 -ver=XC8 Compiler \
  --acfsm=1493 -ACODE=00h-07FFhx4 -ASTRCODE=00h-01FFFh -ASTRING=00h-0FFhx32 \
  -ACONST=00h-0FFhx32 -AENTRY=00h-0FFhx32 -ACOMMON=070h-07Fh \
  -ABANK0=020h-06Fh -ABANK1=0A0h-0EFh -ABANK2=0110h-016Fh \
  -ABANK3=0190h-01EFh -ARAM=020h-06Fh,0A0h-0EFh,0110h-016Fh,0190h-01EFh \
  -AABS1=020h-07Fh,0A0h-0EFh,0110h-016Fh,0190h-01EFh -ASFR0=00h-01Fh \
  -ASFR1=080h-09Fh -ASFR2=0100h-010Fh -ASFR3=0180h-018Fh \
  -ACONFIG=02007h-02008h -DCONFIG=2 -AIDLOC=02000h-02003h -DIDLOC=2 \
  -AEEDATA=00h-0FFh/02100h -peeprom_data=EEDATA -DEEDATA=2 -DCODE=2 \
  -DSTRCODE=2 -DSTRING=2 -DCONST=2 -DENTRY=2 \
  -preset_vec=00h,intentry=04h,init,end_init -ppowerup=CODE -pcinit=CODE \
  -pfunctab=ENTRY -k C:\Users\schwe\AppData\Local\Temp\xcAsa4k.o \
  dist/default/production\Proyecto_Metagross.X.production.o 

Object code version is 3.11

Machine type is 16F887



                Name                               Link     Load   Length Selector   Space Scale
C:\Users\schwe\AppData\Local\Temp\xcAsa4k.o
                end_init                              E        E        3        8       0
                reset_vec                             0        0        3        0       0
                config                             2007     2007        2        0       4
                idloc                              2000     2000        4        0       5
dist/default/production\Proyecto_Metagross.X.production.o
                cinit                                11       11        D        8       0
                intentry                              4        4        A        8       0
                config                             2007     2007        2        0       4
                idloc                              2000     2000        4        0       5
                text10                              4A2      4A2       2B        8       0
                text9                               52B      52B        D        8       0
                text8                               517      517       14        8       0
                text7                               307      307       9D        8       0
                text6                               45C      45C       46        8       0
                text5                               410      410       4C        8       0
                text4                                1E       1E      214        8       0
                text3                               4F5      4F5       22        8       0
                text2                               4CD      4CD       28        8       0
                text1                               3A4      3A4       6C        8       0
                maintext                            232      232       D5        8       0
                cstackBANK0                          20       20       20       20       1
                cstackCOMMON                         70       70        E       70       1
                cstackBANK1                          A0       A0        4       A0       1
                clrtext                             538      538        8        8       0
                bssBANK0                             40       40       11       20       1

TOTAL           Name                               Link     Load   Length     Space
        CLASS   CODE           
                end_init                              E        E        3         0
                cinit                                11       11        D         0
                intentry                              4        4        A         0
                reset_vec                             0        0        3         0
                text10                              4A2      4A2       2B         0
                text9                               52B      52B        D         0
                text8                               517      517       14         0
                text7                               307      307       9D         0
                text6                               45C      45C       46         0
                text5                               410      410       4C         0
                text4                                1E       1E      214         0
                text3                               4F5      4F5       22         0
                text2                               4CD      4CD       28         0
                text1                               3A4      3A4       6C         0
                maintext                            232      232       D5         0
                clrtext                             538      538        8         0

        CLASS   STRCODE        

        CLASS   STRING         

        CLASS   CONST          

        CLASS   ENTRY          

        CLASS   COMMON         
                cstackCOMMON                         70       70        E         1

        CLASS   BANK0          
                cstackBANK0                          20       20       20         1
                bssBANK0                             40       40       11         1

        CLASS   BANK1          
                cstackBANK1                          A0       A0        4         1

        CLASS   BANK2          

        CLASS   BANK3          

        CLASS   RAM            

        CLASS   ABS1           
                abs_s1                               7E       7E        2         1

        CLASS   SFR0           

        CLASS   SFR1           

        CLASS   SFR2           

        CLASS   SFR3           

        CLASS   CONFIG         
                config                             2007     2007        2         4

        CLASS   IDLOC          
                idloc                              2000     2000        4         5

        CLASS   EEDATA         

        CLASS   STACK          



SEGMENTS        Name                           Load    Length   Top    Selector   Space  Class     Delta

                reset_vec                      000000  000003  000003         0       0  CODE        2
                intentry                       000004  00053C  000540         8       0  CODE        2
                cstackBANK0                    000020  000031  000051        20       1  BANK0       1
                cstackCOMMON                   000070  00000E  00007E        70       1  COMMON      1
                cstackBANK1                    0000A0  000004  0000A4        A0       1  BANK1       1


UNUSED ADDRESS RANGES

        Name                Unused          Largest block    Delta
        BANK0            0051-006F             1F           1
        BANK1            00A4-00EF             4C           1
        BANK2            0110-016F             60           1
        BANK3            0190-01EF             60           1
        CODE             0003-0003              1           2
                         0540-1FFF            800
        CONST            0003-0003              1           2
                         0540-1FFF            100
        EEDATA           2100-21FF            100           2
        ENTRY            0003-0003              1           2
                         0540-1FFF            100
        RAM              0051-006F             1F           1
                         00A4-00EF             4C
                         0110-016F             60
                         0190-01EF             60
        SFR0             0000-001F             20           1
        SFR1             0080-009F             20           1
        SFR2             0100-010F             10           1
        SFR3             0180-018F             10           1
        STRCODE          0003-0003              1           2
                         0540-1FFF           1AC0
        STRING           0003-0003              1           2
                         0540-1FFF            100

                                  Symbol Table

?___aldiv                 cstackBANK0  0020
?___lmul                  cstackCOMMON 0070
?_leerEEPROMH             cstackCOMMON 0070
?_mapear                  cstackBANK0  002E
Ataque@tipo               cstackCOMMON 0070
_ADCON0                   (abs)        001F
_ADCON0bits               (abs)        001F
_ADCON1                   (abs)        009F
_ADRESH                   (abs)        001E
_ANSEL                    (abs)        0188
_ANSELH                   (abs)        0189
_Ataque                   text10       04A2
_BAUDCTL                  (abs)        0187
_CCP1                     bssBANK0     004A
_CCP1CON                  (abs)        0017
_CCP1CONbits              (abs)        0017
_CCP2                     bssBANK0     0048
_CCP2CON                  (abs)        001D
_CCP2CONbits              (abs)        001D
_CCPR1L                   (abs)        0015
_CCPR2L                   (abs)        001B
_EEADR                    (abs)        010D
_EECON1bits               (abs)        018C
_EECON2                   (abs)        018D
_EEDATA                   (abs)        010C
_EEDATH                   (abs)        010E
_INTCON                   (abs)        000B
_INTCONbits               (abs)        000B
_Modo_Libre               bssBANK0     0040
_OPTION_REG               (abs)        0081
_OSCCON                   (abs)        008F
_PIE1                     (abs)        008C
_PIR1                     (abs)        000C
_PIR1bits                 (abs)        000C
_PIR2                     (abs)        000D
_PORTA                    (abs)        0005
_PORTB                    (abs)        0006
_PORTBbits                (abs)        0006
_PORTC                    (abs)        0007
_PORTCbits                (abs)        0007
_PORTD                    (abs)        0008
_PR2                      (abs)        0092
_PWM1                     bssBANK0     0050
_PWM2                     bssBANK0     004E
_RCREG                    (abs)        001A
_RCSTA                    (abs)        0018
_READ                     bssBANK0     0042
_SPBRG                    (abs)        0099
_SPBRGH                   (abs)        009A
_T1CON                    (abs)        0010
_T2CON                    (abs)        0012
_TMR0                     (abs)        0001
_TMR1H                    (abs)        000F
_TMR1L                    (abs)        000E
_TRISA                    (abs)        0085
_TRISB                    (abs)        0086
_TRISCbits                (abs)        0087
_TRISD                    (abs)        0088
_TXSTA                    (abs)        0098
_WPUB                     (abs)        0095
__Habs1                   abs1         0000
__Hbank0                  bank0        0000
__Hbank1                  bank1        0000
__Hbank2                  bank2        0000
__Hbank3                  bank3        0000
__HbssBANK0               bssBANK0     0000
__Hcinit                  cinit        001E
__Hclrtext                clrtext      0000
__Hcode                   code         0000
__Hcommon                 common       0000
__Hconfig                 config       2009
__HcstackBANK0            cstackBANK0  0000
__HcstackBANK1            cstackBANK1  0000
__HcstackCOMMON           cstackCOMMON 0000
__Heeprom_data            eeprom_data  0000
__Hend_init               end_init     0011
__Hfunctab                functab      0000
__Hidloc                  idloc        2004
__Hinit                   init         000E
__Hintentry               intentry     000E
__Hmaintext               maintext     0000
__Hpowerup                powerup      0000
__Hram                    ram          0000
__Hreset_vec              reset_vec    0003
__Hsfr0                   sfr0         0000
__Hsfr1                   sfr1         0000
__Hsfr2                   sfr2         0000
__Hsfr3                   sfr3         0000
__Hspace_0                (abs)        0540
__Hspace_1                (abs)        00A4
__Hspace_2                (abs)        0000
__Hspace_3                (abs)        0000
__Hspace_4                (abs)        4010
__Hstack                  stack        0000
__Hstrings                strings      0000
__Htext                   text         0000
__Labs1                   abs1         0000
__Lbank0                  bank0        0000
__Lbank1                  bank1        0000
__Lbank2                  bank2        0000
__Lbank3                  bank3        0000
__LbssBANK0               bssBANK0     0000
__Lcinit                  cinit        0011
__Lclrtext                clrtext      0000
__Lcode                   code         0000
__Lcommon                 common       0000
__Lconfig                 config       0000
__LcstackBANK0            cstackBANK0  0000
__LcstackBANK1            cstackBANK1  0000
__LcstackCOMMON           cstackCOMMON 0000
__Leeprom_data            eeprom_data  0000
__Lend_init               end_init     000E
__Lfunctab                functab      0000
__Lidloc                  idloc        0000
__Linit                   init         000E
__Lintentry               intentry     0004
__Lmaintext               maintext     0000
__Lpowerup                powerup      0000
__Lram                    ram          0000
__Lreset_vec              reset_vec    0000
__Lsfr0                   sfr0         0000
__Lsfr1                   sfr1         0000
__Lsfr2                   sfr2         0000
__Lsfr3                   sfr3         0000
__Lspace_0                (abs)        0000
__Lspace_1                (abs)        0000
__Lspace_2                (abs)        0000
__Lspace_3                (abs)        0000
__Lspace_4                (abs)        0000
__Lstack                  stack        0000
__Lstrings                strings      0000
__Ltext                   text         0000
__S0                      (abs)        0540
__S1                      (abs)        00A4
__S3                      (abs)        0000
___aldiv                  text7        0307
___aldiv@counter          cstackBANK0  0028
___aldiv@dividend         cstackBANK0  0024
___aldiv@divisor          cstackBANK0  0020
___aldiv@quotient         cstackBANK0  002A
___aldiv@sign             cstackBANK0  0029
___int_sp                 stack        0000
___latbits                (abs)        0002
___lmul                   text6        045C
___lmul@multiplicand      cstackCOMMON 0074
___lmul@multiplier        cstackCOMMON 0070
___lmul@product           cstackCOMMON 0079
___sp                     stack        0000
___stackhi                (abs)        0000
___stacklo                (abs)        0000
__end_of_Ataque           text10       04CD
__end_of___aldiv          text7        03A4
__end_of___lmul           text6        04A2
__end_of__initialization  cinit        001A
__end_of_escribirEEPROM   text3        0517
__end_of_escribirEEPROMH  text2        04F5
__end_of_isr              text4        0232
__end_of_leerEEPROM       text9        0538
__end_of_leerEEPROMH      text8        052B
__end_of_main             maintext     0307
__end_of_mapear           text5        045C
__end_of_setup            text1        0410
__initialization          cinit        0011
__pbssBANK0               bssBANK0     0040
__pcstackBANK0            cstackBANK0  0020
__pcstackBANK1            cstackBANK1  00A0
__pcstackCOMMON           cstackCOMMON 0070
__pintentry               intentry     0004
__pmaintext               maintext     0232
__ptext1                  text1        03A4
__ptext10                 text10       04A2
__ptext2                  text2        04CD
__ptext3                  text3        04F5
__ptext4                  text4        001E
__ptext5                  text5        0410
__ptext6                  text6        045C
__ptext7                  text7        0307
__ptext8                  text8        0517
__ptext9                  text9        052B
_antiR1                   bssBANK0     0046
_antiR2                   bssBANK0     0044
_contPWM1                 bssBANK0     004F
_contPWM2                 bssBANK0     004D
_escribirEEPROM           text3        04F5
_escribirEEPROMH          text2        04CD
_indicador                bssBANK0     004C
_isr                      text4        001E
_leerEEPROM               text9        052B
_leerEEPROMH              text8        0517
_main                     maintext     0232
_mapear                   text5        0410
_setup                    text1        03A4
btemp                     (abs)        007E
clear_ram0                clrtext      0538
end_of_initialization     cinit        001A
escribirEEPROM@data       cstackBANK0  003F
escribirEEPROM@direccion  cstackBANK1  00A0
escribirEEPROMH@DATABIG   cstackBANK1  00A0
escribirEEPROMH@direccion cstackBANK0  003F
interrupt_function        intentry     0004
intlevel0                 functab      0000
intlevel1                 functab      0000
intlevel2                 functab      0000
intlevel3                 functab      0000
intlevel4                 functab      0000
intlevel5                 functab      0000
leerEEPROM@direccion      cstackCOMMON 0070
leerEEPROMH@DATABIG       cstackCOMMON 0072
leerEEPROMH@direccion     cstackCOMMON 0074
mapear@max                cstackBANK0  0032
mapear@min                cstackBANK0  0030
mapear@nmax               cstackBANK0  0036
mapear@nmin               cstackBANK0  0034
mapear@nvalor             cstackBANK0  0038
mapear@valor              cstackBANK0  002E
reset_vec                 reset_vec    0000
saved_w                   (abs)        007E
start                     init         000E
start_initialization      cinit        0011
wtemp0                    (abs)        007E


MODULE INFORMATION

Module		Function		Class		Link	Load	Size
Metagross.c
		_Ataque        		CODE           	04A2	0000	43
		_escribirEEPROMH		CODE           	04CD	0000	40
		_leerEEPROM    		CODE           	052B	0000	13
		_leerEEPROMH   		CODE           	0517	0000	20
		_main          		CODE           	0232	0000	213
		_isr           		CODE           	001E	0000	532
		_mapear        		CODE           	0410	0000	76
		_setup         		CODE           	03A4	0000	108
		_escribirEEPROM		CODE           	04F5	0000	34

Metagross.c estimated size: 1079

C:\Program Files\Microchip\xc8\v2.40\pic\sources\c90\common\aldiv.c
		___aldiv       		CODE           	0307	0000	157

C:\Program Files\Microchip\xc8\v2.40\pic\sources\c90\common\aldiv.c estimated size: 157

shared
		__initialization		CODE           	0011	0000	9

shared estimated size: 9

C:\Program Files\Microchip\xc8\v2.40\pic\sources\c90\common\Umul32.c
		___lmul        		CODE           	045C	0000	70

C:\Program Files\Microchip\xc8\v2.40\pic\sources\c90\common\Umul32.c estimated size: 70

